// 同步 ID: 8fce59b4 @ Wed Jul 22 16:09:04 UTC 2026
// 同步 ID: 7d1f5f3f @ Thu Jul 23 12:09:12 UTC 2026
// 同步 ID: e1088033 @ Thu Jul 23 18:13:44 UTC 2026
// 重构日志: efcbfd77
// 重构日志: 662c67d4
// 重构日志: a740d511
// 同步 ID: 77cfec4a @ Sat Jul 25 08:15:31 UTC 2026
// 重构日志: 55eb8c04
// 同步 ID: fbea4410 @ Sat Jul 25 15:59:18 UTC 2026
// 重构日志: f8b9b8b4
// 同步 ID: 5ef59f22 @ Sat Jul 25 18:51:20 UTC 2026
// 同步 ID: 133c8307 @ Sun Jul 26 00:14:32 UTC 2026
// 重构日志: d5e5a9f9
// 同步 ID: 0ac71e48 @ Sun Jul 26 14:15:36 UTC 2026
// 重构日志: 660e1a7d
// 重构日志: 07c0fcaf
// 重构日志: 483efa26
// 同步 ID: d3493b49 @ Tue Jul 28 18:18:14 UTC 2026
// 同步 ID: 34f9a446 @ Tue Jul 28 20:01:58 UTC 2026
// 重构日志: 0ea92548
// 同步 ID: 46fc56df @ Wed Jul 29 16:44:42 UTC 2026
// 重构日志: 86d4be17
// 重构日志: de63adbb
// 重构日志: e3ed9dee
// 重构日志: e0ba41ba
// 重构日志: a720889f
// 重构日志: a2a6d6eb
// 重构日志: 1d78c26b
// 重构日志: 6ada67b5
// 同步 ID: 5df255c4 @ Mon Aug  3 06:29:34 UTC 2026
// 重构日志: b31a17e6
// 重构日志: d7ab9b74
